../Core/Peripherals/OLED/OLED.c:25:6:OLED_Send	16	static
../Core/Peripherals/OLED/OLED.c:42:6:OLED_SendCmd	32	static
../Core/Peripherals/OLED/OLED.c:53:6:OLED_Init	8	static
../Core/Peripherals/OLED/OLED.c:99:6:OLED_DisPlay_On	8	static
../Core/Peripherals/OLED/OLED.c:109:6:OLED_DisPlay_Off	8	static
../Core/Peripherals/OLED/OLED.c:121:6:OLED_SetColorMode	16	static
../Core/Peripherals/OLED/OLED.c:138:6:OLED_NewFrame	8	static
../Core/Peripherals/OLED/OLED.c:147:6:OLED_ShowFrame	16	static
../Core/Peripherals/OLED/OLED.c:167:6:OLED_SetPixel	16	static
../Core/Peripherals/OLED/OLED.c:193:6:OLED_SetByte_Fine	16	static
../Core/Peripherals/OLED/OLED.c:219:6:OLED_SetByte	16	static
../Core/Peripherals/OLED/OLED.c:239:6:OLED_SetBits_Fine	40	static
../Core/Peripherals/OLED/OLED.c:267:6:OLED_SetBits	40	static
../Core/Peripherals/OLED/OLED.c:289:6:OLED_SetBlock	40	static
../Core/Peripherals/OLED/OLED.c:329:6:OLED_DrawLine	40	static
../Core/Peripherals/OLED/OLED.c:405:6:OLED_DrawRectangle	32	static
../Core/Peripherals/OLED/OLED.c:421:6:OLED_DrawFilledRectangle	40	static
../Core/Peripherals/OLED/OLED.c:439:6:OLED_DrawTriangle	32	static
../Core/Peripherals/OLED/OLED.c:456:6:OLED_DrawFilledTriangle	40	static
../Core/Peripherals/OLED/OLED.c:496:6:OLED_DrawCircle	32	static
../Core/Peripherals/OLED/OLED.c:532:6:OLED_DrawFilledCircle	40	static
../Core/Peripherals/OLED/OLED.c:567:6:OLED_DrawEllipse	48	static
../Core/Peripherals/OLED/OLED.c:616:6:OLED_DrawImage	32	static
../Core/Peripherals/OLED/OLED.c:631:6:OLED_PrintASCIIChar	32	static
../Core/Peripherals/OLED/OLED.c:644:6:OLED_PrintASCIIString	40	static
../Core/Peripherals/OLED/OLED.c:659:9:_OLED_GetUTF8Len	16	static
../Core/Peripherals/OLED/OLED.c:693:6:OLED_PrintString	56	static
../Core/Peripherals/OLED/OLED.c:757:6:OLED_PrintRollingASCIIString	48	static
